Extracted:
  test_cmd401_1: 'Hello, this is line 1.\nAnd this is line 2!'
  test_cmd102_3_choice_0: 'Yes'
  test_cmd102_3_choice_1: 'No'
  test_cmd402_4_when_0: 'Yes'
  test_cmd401_5: 'You said yes.'
  test_cmd402_7_when_1: 'No'
  test_cmd401_8: 'You said no.'

Simulating translation...

Simulating Apply translation...
Application order:
  test_list_cmd401_8 -> '你拒绝了。'
  test_list_cmd402_7_when_1 -> '不行'
  test_list_cmd401_5 -> '你答应了。'
  test_list_cmd402_4_when_0 -> '行'
  test_list_cmd102_3_choice_0 -> '行'
  test_list_cmd102_3_choice_1 -> '不行'
  test_list_cmd401_1 -> '你好，这是第一行。\n而且这是第二行！\n还有第三行插入！'

Resulting commands:
  0: {'code': 101, 'indent': 0, 'parameters': ['Actor1', 0, 0, 2]}
  1: {'code': 401, 'indent': 0, 'parameters': ['你好，这是第一行。']}
  2: {'code': 401, 'indent': 0, 'parameters': ['而且这是第二行！']}
  3: {'code': 401, 'indent': 0, 'parameters': ['还有第三行插入！']}
  4: {'code': 102, 'indent': 0, 'parameters': [['行', '不行'], 1]}
  5: {'code': 402, 'indent': 0, 'parameters': [0, '行']}
  6: {'code': 401, 'indent': 1, 'parameters': ['你答应了。']}
  7: {'code': 0, 'indent': 1, 'parameters': []}
  8: {'code': 402, 'indent': 0, 'parameters': [1, '不行']}
  9: {'code': 401, 'indent': 1, 'parameters': ['你拒绝了。']}
  10: {'code': 0, 'indent': 1, 'parameters': []}
  11: {'code': 0, 'indent': 0, 'parameters': []}
